../Core/Src/main.c:87:5:readADC	32	static
../Core/Src/main.c:108:6:pwm	48	static
../Core/Src/main.c:123:6:toggle	8	static
../Core/Src/main.c:135:5:main	104	static
../Core/Src/main.c:250:6:SystemClock_Config	88	static
../Core/Src/main.c:296:13:MX_ADC1_Init	24	static
../Core/Src/main.c:348:13:MX_I2C1_Init	8	static
../Core/Src/main.c:382:13:MX_TIM1_Init	32	static
../Core/Src/main.c:428:13:MX_TIM2_Init	64	static
../Core/Src/main.c:487:13:MX_GPIO_Init	48	static
../Core/Src/main.c:529:6:Error_Handler	4	static,ignoring_inline_asm
