../Core/Src/main.c:98:5:readADC	32	static
../Core/Src/main.c:119:6:pwm	48	static
../Core/Src/main.c:134:6:toggle	8	static
../Core/Src/main.c:146:5:main	144	static
../Core/Src/main.c:291:6:SystemClock_Config	88	static
../Core/Src/main.c:337:13:MX_ADC1_Init	24	static
../Core/Src/main.c:389:13:MX_I2C1_Init	8	static
../Core/Src/main.c:423:13:MX_TIM1_Init	32	static
../Core/Src/main.c:469:13:MX_TIM2_Init	64	static
../Core/Src/main.c:528:13:MX_TIM10_Init	8	static
../Core/Src/main.c:559:13:MX_GPIO_Init	48	static
../Core/Src/main.c:601:6:Error_Handler	4	static,ignoring_inline_asm
