../Core/Src/ssd1306_tests.cpp:112:6:void ssd1306_TestBorder()	16	static
../Core/Src/ssd1306_tests.cpp:138:6:void ssd1306_TestFonts1()	16	static
../Core/Src/ssd1306_tests.cpp:171:6:void ssd1306_TestFonts2()	32	static
../Core/Src/ssd1306_tests.cpp:193:6:void ssd1306_TestFPS()	112	static
../Core/Src/ssd1306_tests.cpp:231:6:void ssd1306_TestLine()	16	static
../Core/Src/ssd1306_tests.cpp:239:6:void ssd1306_TestRectangle()	32	static
../Core/Src/ssd1306_tests.cpp:249:6:void ssd1306_TestRectangleFill()	16	static
../Core/Src/ssd1306_tests.cpp:257:6:void ssd1306_TestCircle()	16	static
../Core/Src/ssd1306_tests.cpp:272:6:void ssd1306_TestArc()	16	static
../Core/Src/ssd1306_tests.cpp:279:6:void ssd1306_TestPolyline()	32	static
../Core/Src/ssd1306_tests.cpp:296:6:void ssd1306_TestDrawBitmap()	16	static
../Core/Src/ssd1306_tests.cpp:311:6:void ssd1306_TestAll()	8	static
